<?xml version="1.0"?>
<link_info>
   <banner>TMS320C6x Linker PC v7.4.4</banner>
   <copyright>Copyright (c) 1996-2013 Texas Instruments Incorporated</copyright>
   <link_time>0x5a2ea47a</link_time>
   <output_file>ADCinterface.out</output_file>
   <entry_point>
      <name>_c_int00</name>
      <address>0x1000</address>
   </entry_point>
   <input_file_list>
      <input_file id="fl-2">
         <path>.\</path>
         <kind>object</kind>
         <file>main.obj</file>
         <name>main.obj</name>
      </input_file>
      <input_file id="fl-7e">
         <path>C:\ti\ccsv5\tools\compiler\c6000_7.4.4\lib\</path>
         <kind>archive</kind>
         <file>rts6200.lib</file>
         <name>boot.obj</name>
      </input_file>
      <input_file id="fl-7f">
         <path>C:\ti\ccsv5\tools\compiler\c6000_7.4.4\lib\</path>
         <kind>archive</kind>
         <file>rts6200.lib</file>
         <name>exit.obj</name>
      </input_file>
      <input_file id="fl-80">
         <path>C:\ti\ccsv5\tools\compiler\c6000_7.4.4\lib\</path>
         <kind>archive</kind>
         <file>rts6200.lib</file>
         <name>args_main.obj</name>
      </input_file>
      <input_file id="fl-81">
         <path>C:\ti\ccsv5\tools\compiler\c6000_7.4.4\lib\</path>
         <kind>archive</kind>
         <file>rts6200.lib</file>
         <name>autoinit.obj</name>
      </input_file>
      <input_file id="fl-82">
         <path>C:\ti\ccsv5\tools\compiler\c6000_7.4.4\lib\</path>
         <kind>archive</kind>
         <file>rts6200.lib</file>
         <name>cpp_init.obj</name>
      </input_file>
      <input_file id="fl-83">
         <path>C:\ti\ccsv5\tools\compiler\c6000_7.4.4\lib\</path>
         <kind>archive</kind>
         <file>rts6200.lib</file>
         <name>cpy_tbl.obj</name>
      </input_file>
      <input_file id="fl-84">
         <path>C:\ti\ccsv5\tools\compiler\c6000_7.4.4\lib\</path>
         <kind>archive</kind>
         <file>rts6200.lib</file>
         <name>memcpy62.obj</name>
      </input_file>
      <input_file id="fl-85">
         <path>C:\Program Files\C6xCSL\lib_3x\</path>
         <kind>archive</kind>
         <file>csl6713.lib</file>
         <name>csl_gpio.obj</name>
      </input_file>
      <input_file id="fl-86">
         <path>C:\DSK6713\c6000\dsk6713\lib\</path>
         <kind>archive</kind>
         <file>dsk6713bsl.lib</file>
         <name>dsk6713.obj</name>
      </input_file>
      <input_file id="fl-87">
         <path>C:\ti\ccsv5\tools\compiler\c6000_7.4.4\lib\</path>
         <kind>archive</kind>
         <file>rts6200.lib</file>
         <name>strasg.obj</name>
      </input_file>
   </input_file_list>
   <object_component_list>
      <object_component id="oc-27">
         <name>.text</name>
         <load_address>0x20</load_address>
         <run_address>0x20</run_address>
         <size>0x480</size>
         <input_file_ref idref="fl-86"/>
      </object_component>
      <object_component id="oc-37">
         <name>.text</name>
         <load_address>0x4a0</load_address>
         <run_address>0x4a0</run_address>
         <size>0x320</size>
         <input_file_ref idref="fl-2"/>
      </object_component>
      <object_component id="oc-35">
         <name>.text:_memcpy</name>
         <load_address>0x7c0</load_address>
         <run_address>0x7c0</run_address>
         <size>0x240</size>
         <input_file_ref idref="fl-84"/>
      </object_component>
      <object_component id="oc-30">
         <name>.text:__auto_init</name>
         <load_address>0xa00</load_address>
         <run_address>0xa00</run_address>
         <size>0x100</size>
         <input_file_ref idref="fl-81"/>
      </object_component>
      <object_component id="oc-33">
         <name>.text:__strasg</name>
         <load_address>0xb00</load_address>
         <run_address>0xb00</run_address>
         <size>0xe0</size>
         <input_file_ref idref="fl-87"/>
      </object_component>
      <object_component id="oc-32">
         <name>.text:_exit</name>
         <load_address>0xbe0</load_address>
         <run_address>0xbe0</run_address>
         <size>0xe0</size>
         <input_file_ref idref="fl-7f"/>
      </object_component>
      <object_component id="oc-39">
         <name>.text:_GPIO_open</name>
         <load_address>0xcc0</load_address>
         <run_address>0xcc0</run_address>
         <size>0xc0</size>
         <input_file_ref idref="fl-85"/>
      </object_component>
      <object_component id="oc-3d">
         <name>.text:_GPIO_reset</name>
         <load_address>0xd80</load_address>
         <run_address>0xd80</run_address>
         <size>0xc0</size>
         <input_file_ref idref="fl-85"/>
      </object_component>
      <object_component id="oc-34">
         <name>.text:_copy_in</name>
         <load_address>0xe40</load_address>
         <run_address>0xe40</run_address>
         <size>0xc0</size>
         <input_file_ref idref="fl-83"/>
      </object_component>
      <object_component id="oc-3a">
         <name>.text:_GPIO_config</name>
         <load_address>0xf00</load_address>
         <run_address>0xf00</run_address>
         <size>0x80</size>
         <input_file_ref idref="fl-85"/>
      </object_component>
      <object_component id="oc-36">
         <name>.text:___TI_cpp_init</name>
         <load_address>0xf80</load_address>
         <run_address>0xf80</run_address>
         <size>0x80</size>
         <input_file_ref idref="fl-82"/>
      </object_component>
      <object_component id="oc-2">
         <name>.text:_c_int00</name>
         <load_address>0x1000</load_address>
         <run_address>0x1000</run_address>
         <size>0x80</size>
         <input_file_ref idref="fl-7e"/>
      </object_component>
      <object_component id="oc-3c">
         <name>.text:_GPIO_pinRead</name>
         <load_address>0x1080</load_address>
         <run_address>0x1080</run_address>
         <size>0x40</size>
         <input_file_ref idref="fl-85"/>
      </object_component>
      <object_component id="oc-3b">
         <name>.text:_GPIO_pinWrite</name>
         <load_address>0x10c0</load_address>
         <run_address>0x10c0</run_address>
         <size>0x40</size>
         <input_file_ref idref="fl-85"/>
      </object_component>
      <object_component id="oc-31">
         <name>.text:__args_main</name>
         <load_address>0x1100</load_address>
         <run_address>0x1100</run_address>
         <size>0x40</size>
         <input_file_ref idref="fl-80"/>
      </object_component>
      <object_component id="oc-38">
         <name>.text:_abort</name>
         <load_address>0x1140</load_address>
         <run_address>0x1140</run_address>
         <size>0x20</size>
         <input_file_ref idref="fl-7f"/>
      </object_component>
      <object_component id="oc-29">
         <name>.const</name>
         <load_address>0x1658</load_address>
         <run_address>0x1658</run_address>
         <size>0x20</size>
         <input_file_ref idref="fl-86"/>
      </object_component>
      <object_component id="oc-3">
         <name>.bss</name>
         <uninitialized>true</uninitialized>
         <run_address>0x8</run_address>
         <size>0x4</size>
         <input_file_ref idref="fl-2"/>
      </object_component>
      <object_component id="oc-22">
         <name>.cinit</name>
         <load_address>0x1560</load_address>
         <run_address>0x1560</run_address>
         <size>0x44</size>
         <input_file_ref idref="fl-85"/>
      </object_component>
      <object_component id="oc-f">
         <name>.cinit</name>
         <load_address>0x15a8</load_address>
         <run_address>0x15a8</run_address>
         <size>0x2c</size>
         <input_file_ref idref="fl-7f"/>
      </object_component>
      <object_component id="oc-5">
         <name>.cinit</name>
         <load_address>0x15d8</load_address>
         <run_address>0x15d8</run_address>
         <size>0x24</size>
         <input_file_ref idref="fl-2"/>
      </object_component>
      <object_component id="oc-b">
         <name>.stack</name>
         <uninitialized>true</uninitialized>
         <run_address>0x1160</run_address>
         <size>0x8</size>
         <input_file_ref idref="fl-7e"/>
      </object_component>
      <object_component id="oc-61">
         <name>.stack</name>
         <uninitialized>true</uninitialized>
         <run_address>0x1160</run_address>
         <size>0x0</size>
      </object_component>
      <object_component id="oc-6">
         <name>.far</name>
         <uninitialized>true</uninitialized>
         <run_address>0x162c</run_address>
         <size>0x1c</size>
         <input_file_ref idref="fl-2"/>
      </object_component>
      <object_component id="oc-10">
         <name>.far</name>
         <uninitialized>true</uninitialized>
         <run_address>0x1648</run_address>
         <size>0xc</size>
         <input_file_ref idref="fl-7f"/>
      </object_component>
      <object_component id="oc-23">
         <name>.far</name>
         <uninitialized>true</uninitialized>
         <run_address>0x1608</run_address>
         <size>0x24</size>
         <input_file_ref idref="fl-85"/>
      </object_component>
      <object_component id="oc-28">
         <name>.far</name>
         <uninitialized>true</uninitialized>
         <run_address>0x1654</run_address>
         <size>0x2</size>
         <input_file_ref idref="fl-86"/>
      </object_component>
      <object_component id="oc-4">
         <name>.debug_info</name>
         <load_address>0x0</load_address>
         <run_address>0x0</run_address>
         <size>0xb48</size>
         <input_file_ref idref="fl-2"/>
      </object_component>
      <object_component id="oc-a">
         <name>.debug_info</name>
         <load_address>0xb48</load_address>
         <run_address>0xb48</run_address>
         <size>0x6f5</size>
         <input_file_ref idref="fl-7e"/>
      </object_component>
      <object_component id="oc-e">
         <name>.debug_info</name>
         <load_address>0x123d</load_address>
         <run_address>0x123d</run_address>
         <size>0x7cf</size>
         <input_file_ref idref="fl-7f"/>
      </object_component>
      <object_component id="oc-13">
         <name>.debug_info</name>
         <load_address>0x1a0c</load_address>
         <run_address>0x1a0c</run_address>
         <size>0x6cb</size>
         <input_file_ref idref="fl-80"/>
      </object_component>
      <object_component id="oc-16">
         <name>.debug_info</name>
         <load_address>0x20d7</load_address>
         <run_address>0x20d7</run_address>
         <size>0x841</size>
         <input_file_ref idref="fl-81"/>
      </object_component>
      <object_component id="oc-19">
         <name>.debug_info</name>
         <load_address>0x2918</load_address>
         <run_address>0x2918</run_address>
         <size>0x6b9</size>
         <input_file_ref idref="fl-82"/>
      </object_component>
      <object_component id="oc-1c">
         <name>.debug_info</name>
         <load_address>0x2fd1</load_address>
         <run_address>0x2fd1</run_address>
         <size>0x7af</size>
         <input_file_ref idref="fl-83"/>
      </object_component>
      <object_component id="oc-1f">
         <name>.debug_info</name>
         <load_address>0x3780</load_address>
         <run_address>0x3780</run_address>
         <size>0x748</size>
         <input_file_ref idref="fl-84"/>
      </object_component>
      <object_component id="oc-25">
         <name>.debug_info</name>
         <load_address>0x3ec8</load_address>
         <run_address>0x3ec8</run_address>
         <size>0xb00</size>
         <input_file_ref idref="fl-85"/>
      </object_component>
      <object_component id="oc-2b">
         <name>.debug_info</name>
         <load_address>0x49c8</load_address>
         <run_address>0x49c8</run_address>
         <size>0x8a7</size>
         <input_file_ref idref="fl-86"/>
      </object_component>
      <object_component id="oc-2d">
         <name>.debug_info</name>
         <load_address>0x526f</load_address>
         <run_address>0x526f</run_address>
         <size>0xc2</size>
         <input_file_ref idref="fl-87"/>
      </object_component>
      <object_component id="oc-65">
         <name>.debug_info</name>
         <load_address>0x5331</load_address>
         <run_address>0x5331</run_address>
         <size>0x6d</size>
      </object_component>
      <object_component id="oc-7">
         <name>.debug_frame</name>
         <load_address>0x0</load_address>
         <run_address>0x0</run_address>
         <size>0x25d</size>
         <input_file_ref idref="fl-2"/>
      </object_component>
      <object_component id="oc-8">
         <name>.debug_line</name>
         <load_address>0x0</load_address>
         <run_address>0x0</run_address>
         <size>0x80</size>
         <input_file_ref idref="fl-2"/>
      </object_component>
      <object_component id="oc-c">
         <name>.debug_line</name>
         <load_address>0x80</load_address>
         <run_address>0x80</run_address>
         <size>0x3d</size>
         <input_file_ref idref="fl-7e"/>
      </object_component>
      <object_component id="oc-11">
         <name>.debug_line</name>
         <load_address>0xbd</load_address>
         <run_address>0xbd</run_address>
         <size>0x4f</size>
         <input_file_ref idref="fl-7f"/>
      </object_component>
      <object_component id="oc-14">
         <name>.debug_line</name>
         <load_address>0x10c</load_address>
         <run_address>0x10c</run_address>
         <size>0x41</size>
         <input_file_ref idref="fl-80"/>
      </object_component>
      <object_component id="oc-17">
         <name>.debug_line</name>
         <load_address>0x14d</load_address>
         <run_address>0x14d</run_address>
         <size>0x47</size>
         <input_file_ref idref="fl-81"/>
      </object_component>
      <object_component id="oc-1a">
         <name>.debug_line</name>
         <load_address>0x194</load_address>
         <run_address>0x194</run_address>
         <size>0x45</size>
         <input_file_ref idref="fl-82"/>
      </object_component>
      <object_component id="oc-1d">
         <name>.debug_line</name>
         <load_address>0x1d9</load_address>
         <run_address>0x1d9</run_address>
         <size>0x44</size>
         <input_file_ref idref="fl-83"/>
      </object_component>
      <object_component id="oc-20">
         <name>.debug_line</name>
         <load_address>0x21d</load_address>
         <run_address>0x21d</run_address>
         <size>0x4e</size>
         <input_file_ref idref="fl-84"/>
      </object_component>
      <object_component id="oc-26">
         <name>.debug_line</name>
         <load_address>0x26b</load_address>
         <run_address>0x26b</run_address>
         <size>0xe1</size>
         <input_file_ref idref="fl-85"/>
      </object_component>
      <object_component id="oc-2c">
         <name>.debug_line</name>
         <load_address>0x34c</load_address>
         <run_address>0x34c</run_address>
         <size>0xb2</size>
         <input_file_ref idref="fl-86"/>
      </object_component>
      <object_component id="oc-2e">
         <name>.debug_line</name>
         <load_address>0x3fe</load_address>
         <run_address>0x3fe</run_address>
         <size>0x48</size>
         <input_file_ref idref="fl-87"/>
      </object_component>
      <object_component id="oc-9">
         <name>.debug_abbrev</name>
         <load_address>0x0</load_address>
         <run_address>0x0</run_address>
         <size>0x10f</size>
         <input_file_ref idref="fl-2"/>
      </object_component>
      <object_component id="oc-d">
         <name>.debug_abbrev</name>
         <load_address>0x10f</load_address>
         <run_address>0x10f</run_address>
         <size>0xfe</size>
         <input_file_ref idref="fl-7e"/>
      </object_component>
      <object_component id="oc-12">
         <name>.debug_abbrev</name>
         <load_address>0x20d</load_address>
         <run_address>0x20d</run_address>
         <size>0x119</size>
         <input_file_ref idref="fl-7f"/>
      </object_component>
      <object_component id="oc-15">
         <name>.debug_abbrev</name>
         <load_address>0x326</load_address>
         <run_address>0x326</run_address>
         <size>0xe1</size>
         <input_file_ref idref="fl-80"/>
      </object_component>
      <object_component id="oc-18">
         <name>.debug_abbrev</name>
         <load_address>0x407</load_address>
         <run_address>0x407</run_address>
         <size>0x13f</size>
         <input_file_ref idref="fl-81"/>
      </object_component>
      <object_component id="oc-1b">
         <name>.debug_abbrev</name>
         <load_address>0x546</load_address>
         <run_address>0x546</run_address>
         <size>0xdd</size>
         <input_file_ref idref="fl-82"/>
      </object_component>
      <object_component id="oc-1e">
         <name>.debug_abbrev</name>
         <load_address>0x623</load_address>
         <run_address>0x623</run_address>
         <size>0x10c</size>
         <input_file_ref idref="fl-83"/>
      </object_component>
      <object_component id="oc-21">
         <name>.debug_abbrev</name>
         <load_address>0x72f</load_address>
         <run_address>0x72f</run_address>
         <size>0xd5</size>
         <input_file_ref idref="fl-84"/>
      </object_component>
      <object_component id="oc-24">
         <name>.debug_abbrev</name>
         <load_address>0x804</load_address>
         <run_address>0x804</run_address>
         <size>0x17d</size>
         <input_file_ref idref="fl-85"/>
      </object_component>
      <object_component id="oc-2a">
         <name>.debug_abbrev</name>
         <load_address>0x981</load_address>
         <run_address>0x981</run_address>
         <size>0x196</size>
         <input_file_ref idref="fl-86"/>
      </object_component>
      <object_component id="oc-2f">
         <name>.debug_abbrev</name>
         <load_address>0xb17</load_address>
         <run_address>0xb17</run_address>
         <size>0x3a</size>
         <input_file_ref idref="fl-87"/>
      </object_component>
      <object_component id="oc-66">
         <name>.debug_abbrev</name>
         <load_address>0xb51</load_address>
         <run_address>0xb51</run_address>
         <size>0xd</size>
      </object_component>
   </object_component_list>
   <logical_group_list>
      <logical_group id="lg-3e">
         <name>.text</name>
         <load_address>0x20</load_address>
         <run_address>0x20</run_address>
         <size>0x1140</size>
         <contents>
            <object_component_ref idref="oc-27"/>
            <object_component_ref idref="oc-37"/>
            <object_component_ref idref="oc-35"/>
            <object_component_ref idref="oc-30"/>
            <object_component_ref idref="oc-33"/>
            <object_component_ref idref="oc-32"/>
            <object_component_ref idref="oc-39"/>
            <object_component_ref idref="oc-3d"/>
            <object_component_ref idref="oc-34"/>
            <object_component_ref idref="oc-3a"/>
            <object_component_ref idref="oc-36"/>
            <object_component_ref idref="oc-2"/>
            <object_component_ref idref="oc-3c"/>
            <object_component_ref idref="oc-3b"/>
            <object_component_ref idref="oc-31"/>
            <object_component_ref idref="oc-38"/>
         </contents>
      </logical_group>
      <logical_group id="lg-3f">
         <name>.const</name>
         <load_address>0x1658</load_address>
         <run_address>0x1658</run_address>
         <size>0x20</size>
         <contents>
            <object_component_ref idref="oc-29"/>
         </contents>
      </logical_group>
      <logical_group id="lg-40">
         <name>.data</name>
         <run_address>0x8</run_address>
         <size>0x0</size>
         <contents>
         </contents>
      </logical_group>
      <logical_group id="lg-41">
         <name>.bss</name>
         <run_address>0x8</run_address>
         <size>0x4</size>
         <contents>
            <object_component_ref idref="oc-3"/>
         </contents>
      </logical_group>
      <logical_group id="lg-42">
         <name>.cinit</name>
         <load_address>0x1560</load_address>
         <run_address>0x1560</run_address>
         <size>0xa4</size>
         <contents>
            <object_component_ref idref="oc-22"/>
            <object_component_ref idref="oc-f"/>
            <object_component_ref idref="oc-5"/>
         </contents>
      </logical_group>
      <logical_group id="lg-43">
         <name>.pinit</name>
         <run_address>0x0</run_address>
         <size>0x0</size>
         <contents>
         </contents>
      </logical_group>
      <logical_group id="lg-44">
         <name>.stack</name>
         <run_address>0x1160</run_address>
         <size>0x400</size>
         <contents>
            <object_component_ref idref="oc-b"/>
            <object_component_ref idref="oc-61"/>
         </contents>
      </logical_group>
      <logical_group id="lg-45">
         <name>.sysmem</name>
         <run_address>0x0</run_address>
         <size>0x0</size>
         <contents>
         </contents>
      </logical_group>
      <logical_group id="lg-46">
         <name>.far</name>
         <run_address>0x1608</run_address>
         <size>0x4e</size>
         <contents>
            <object_component_ref idref="oc-6"/>
            <object_component_ref idref="oc-10"/>
            <object_component_ref idref="oc-23"/>
            <object_component_ref idref="oc-28"/>
         </contents>
      </logical_group>
      <logical_group id="lg-47">
         <name>.switch</name>
         <run_address>0x0</run_address>
         <size>0x0</size>
         <contents>
         </contents>
      </logical_group>
      <logical_group id="lg-48">
         <name>.cio</name>
         <run_address>0x0</run_address>
         <size>0x0</size>
         <contents>
         </contents>
      </logical_group>
      <logical_group id="lg-49">
         <name>.ppinfo</name>
         <run_address>0x0</run_address>
         <size>0x0</size>
         <contents>
         </contents>
      </logical_group>
      <logical_group id="lg-4a">
         <name>.ppdata</name>
         <run_address>0x0</run_address>
         <size>0x0</size>
         <contents>
         </contents>
      </logical_group>
      <logical_group id="lg-58">
         <name>.debug_info</name>
         <load_address>0x0</load_address>
         <run_address>0x0</run_address>
         <size>0x539e</size>
         <contents>
            <object_component_ref idref="oc-4"/>
            <object_component_ref idref="oc-a"/>
            <object_component_ref idref="oc-e"/>
            <object_component_ref idref="oc-13"/>
            <object_component_ref idref="oc-16"/>
            <object_component_ref idref="oc-19"/>
            <object_component_ref idref="oc-1c"/>
            <object_component_ref idref="oc-1f"/>
            <object_component_ref idref="oc-25"/>
            <object_component_ref idref="oc-2b"/>
            <object_component_ref idref="oc-2d"/>
            <object_component_ref idref="oc-65"/>
         </contents>
      </logical_group>
      <logical_group id="lg-5a">
         <name>.debug_frame</name>
         <load_address>0x0</load_address>
         <run_address>0x0</run_address>
         <size>0x25d</size>
         <contents>
            <object_component_ref idref="oc-7"/>
         </contents>
      </logical_group>
      <logical_group id="lg-5c">
         <name>.debug_line</name>
         <load_address>0x0</load_address>
         <run_address>0x0</run_address>
         <size>0x446</size>
         <contents>
            <object_component_ref idref="oc-8"/>
            <object_component_ref idref="oc-c"/>
            <object_component_ref idref="oc-11"/>
            <object_component_ref idref="oc-14"/>
            <object_component_ref idref="oc-17"/>
            <object_component_ref idref="oc-1a"/>
            <object_component_ref idref="oc-1d"/>
            <object_component_ref idref="oc-20"/>
            <object_component_ref idref="oc-26"/>
            <object_component_ref idref="oc-2c"/>
            <object_component_ref idref="oc-2e"/>
         </contents>
      </logical_group>
      <logical_group id="lg-5e">
         <name>.debug_abbrev</name>
         <load_address>0x0</load_address>
         <run_address>0x0</run_address>
         <size>0xb5e</size>
         <contents>
            <object_component_ref idref="oc-9"/>
            <object_component_ref idref="oc-d"/>
            <object_component_ref idref="oc-12"/>
            <object_component_ref idref="oc-15"/>
            <object_component_ref idref="oc-18"/>
            <object_component_ref idref="oc-1b"/>
            <object_component_ref idref="oc-1e"/>
            <object_component_ref idref="oc-21"/>
            <object_component_ref idref="oc-24"/>
            <object_component_ref idref="oc-2a"/>
            <object_component_ref idref="oc-2f"/>
            <object_component_ref idref="oc-66"/>
         </contents>
      </logical_group>
   </logical_group_list>
   <placement_map>
      <memory_area>
         <name>RAM</name>
         <page_id>0x0</page_id>
         <origin>0x1</origin>
         <length>0xfffffffe</length>
         <used_space>0x1656</used_space>
         <unused_space>0xffffe9a8</unused_space>
         <attributes>RWIX</attributes>
         <usage_details>
            <available_space>
               <start_address>0x1</start_address>
               <size>0x7</size>
            </available_space>
            <allocated_space>
               <start_address>0x8</start_address>
               <size>0x0</size>
               <logical_group_ref idref="lg-40"/>
            </allocated_space>
            <allocated_space>
               <start_address>0x8</start_address>
               <size>0x4</size>
               <logical_group_ref idref="lg-41"/>
            </allocated_space>
            <available_space>
               <start_address>0xc</start_address>
               <size>0x14</size>
            </available_space>
            <allocated_space>
               <start_address>0x20</start_address>
               <size>0x1140</size>
               <logical_group_ref idref="lg-3e"/>
            </allocated_space>
            <allocated_space>
               <start_address>0x1160</start_address>
               <size>0x400</size>
               <logical_group_ref idref="lg-44"/>
            </allocated_space>
            <allocated_space>
               <start_address>0x1560</start_address>
               <size>0xa4</size>
               <logical_group_ref idref="lg-42"/>
            </allocated_space>
            <available_space>
               <start_address>0x1604</start_address>
               <size>0x4</size>
            </available_space>
            <allocated_space>
               <start_address>0x1608</start_address>
               <size>0x4e</size>
               <logical_group_ref idref="lg-46"/>
            </allocated_space>
            <available_space>
               <start_address>0x1656</start_address>
               <size>0x2</size>
            </available_space>
            <allocated_space>
               <start_address>0x1658</start_address>
               <size>0x20</size>
               <logical_group_ref idref="lg-3f"/>
            </allocated_space>
            <available_space>
               <start_address>0x1678</start_address>
               <size>0xffffe987</size>
            </available_space>
         </usage_details>
      </memory_area>
   </placement_map>
   <symbol_table>
      <symbol id="sm-0">
         <name>cinit</name>
         <value>0x1560</value>
      </symbol>
      <symbol id="sm-1">
         <name>___cinit__</name>
         <value>0x1560</value>
      </symbol>
      <symbol id="sm-2">
         <name>pinit</name>
         <value>0xffffffff</value>
      </symbol>
      <symbol id="sm-3">
         <name>___pinit__</name>
         <value>0xffffffff</value>
      </symbol>
      <symbol id="sm-4">
         <name>binit</name>
         <value>0xffffffff</value>
      </symbol>
      <symbol id="sm-5">
         <name>___binit__</name>
         <value>0xffffffff</value>
      </symbol>
      <symbol id="sm-6">
         <name>__STACK_SIZE</name>
         <value>0x400</value>
      </symbol>
      <symbol id="sm-7">
         <name>__STACK_END</name>
         <value>0x1560</value>
      </symbol>
      <symbol id="sm-8">
         <name>___c_args__</name>
         <value>0xffffffff</value>
      </symbol>
      <symbol id="sm-9">
         <name>.text</name>
         <value>0x20</value>
      </symbol>
      <symbol id="sm-a">
         <name>___text__</name>
         <value>0x20</value>
      </symbol>
      <symbol id="sm-b">
         <name>etext</name>
         <value>0x1160</value>
      </symbol>
      <symbol id="sm-c">
         <name>___etext__</name>
         <value>0x1160</value>
      </symbol>
      <symbol id="sm-d">
         <name>.data</name>
         <value>0x8</value>
      </symbol>
      <symbol id="sm-e">
         <name>___data__</name>
         <value>0x8</value>
      </symbol>
      <symbol id="sm-f">
         <name>edata</name>
         <value>0x8</value>
      </symbol>
      <symbol id="sm-10">
         <name>___edata__</name>
         <value>0x8</value>
      </symbol>
      <symbol id="sm-11">
         <name>.bss</name>
         <value>0x8</value>
      </symbol>
      <symbol id="sm-12">
         <name>___bss__</name>
         <value>0x8</value>
      </symbol>
      <symbol id="sm-13">
         <name>end</name>
         <value>0xc</value>
      </symbol>
      <symbol id="sm-14">
         <name>___end__</name>
         <value>0xc</value>
      </symbol>
      <symbol id="sm-15">
         <name>___TI_pprof_out_hndl</name>
         <value>0xffffffff</value>
      </symbol>
      <symbol id="sm-16">
         <name>___TI_prof_data_start</name>
         <value>0xffffffff</value>
      </symbol>
      <symbol id="sm-17">
         <name>___TI_prof_data_size</name>
         <value>0xffffffff</value>
      </symbol>
      <symbol id="sm-18">
         <name>$bss</name>
         <value>0x8</value>
      </symbol>
      <symbol id="sm-6b">
         <name>_gpio_handle</name>
         <value>0x8</value>
         <object_component_ref idref="oc-3"/>
      </symbol>
      <symbol id="sm-6c">
         <name>_main</name>
         <value>0x4a0</value>
         <object_component_ref idref="oc-37"/>
      </symbol>
      <symbol id="sm-6d">
         <name>_gpio_config</name>
         <value>0x162c</value>
         <object_component_ref idref="oc-6"/>
      </symbol>
      <symbol id="sm-79">
         <name>_c_int00</name>
         <value>0x1000</value>
         <object_component_ref idref="oc-2"/>
      </symbol>
      <symbol id="sm-7a">
         <name>__stack</name>
         <value>0x1160</value>
         <object_component_ref idref="oc-b"/>
      </symbol>
      <symbol id="sm-8a">
         <name>C$$EXIT</name>
         <value>0x1140</value>
         <object_component_ref idref="oc-38"/>
      </symbol>
      <symbol id="sm-8b">
         <name>_exit</name>
         <value>0xbe0</value>
         <object_component_ref idref="oc-32"/>
      </symbol>
      <symbol id="sm-8c">
         <name>___TI_enable_exit_profile_output</name>
         <value>0x1650</value>
         <object_component_ref idref="oc-10"/>
      </symbol>
      <symbol id="sm-8d">
         <name>_abort</name>
         <value>0x1140</value>
         <object_component_ref idref="oc-38"/>
      </symbol>
      <symbol id="sm-8e">
         <name>__cleanup_ptr</name>
         <value>0x1648</value>
         <object_component_ref idref="oc-10"/>
      </symbol>
      <symbol id="sm-8f">
         <name>__dtors_ptr</name>
         <value>0x164c</value>
         <object_component_ref idref="oc-10"/>
      </symbol>
      <symbol id="sm-99">
         <name>__args_main</name>
         <value>0x1100</value>
         <object_component_ref idref="oc-31"/>
      </symbol>
      <symbol id="sm-9a">
         <name>__TI_args_main</name>
         <value>0x1</value>
      </symbol>
      <symbol id="sm-a4">
         <name>__auto_init</name>
         <value>0xa00</value>
         <object_component_ref idref="oc-30"/>
      </symbol>
      <symbol id="sm-ae">
         <name>___TI_cpp_init</name>
         <value>0xf80</value>
         <object_component_ref idref="oc-36"/>
      </symbol>
      <symbol id="sm-b8">
         <name>_copy_in</name>
         <value>0xe40</value>
         <object_component_ref idref="oc-34"/>
      </symbol>
      <symbol id="sm-c2">
         <name>_memcpy</name>
         <value>0x7c0</value>
         <object_component_ref idref="oc-35"/>
      </symbol>
      <symbol id="sm-d8">
         <name>_GPIO_open</name>
         <value>0xcc0</value>
         <object_component_ref idref="oc-39"/>
      </symbol>
      <symbol id="sm-d9">
         <name>_GPIO_pinRead</name>
         <value>0x1080</value>
         <object_component_ref idref="oc-3c"/>
      </symbol>
      <symbol id="sm-da">
         <name>__GPIO_intTable</name>
         <value>0x1614</value>
         <object_component_ref idref="oc-23"/>
      </symbol>
      <symbol id="sm-db">
         <name>__hGpioDev0</name>
         <value>0x1628</value>
         <object_component_ref idref="oc-23"/>
      </symbol>
      <symbol id="sm-dc">
         <name>_GPIO_reset</name>
         <value>0xd80</value>
         <object_component_ref idref="oc-3d"/>
      </symbol>
      <symbol id="sm-dd">
         <name>_GPIO_config</name>
         <value>0xf00</value>
         <object_component_ref idref="oc-3a"/>
      </symbol>
      <symbol id="sm-de">
         <name>_GPIO_pinWrite</name>
         <value>0x10c0</value>
         <object_component_ref idref="oc-3b"/>
      </symbol>
      <symbol id="sm-ec">
         <name>_DSK6713_init</name>
         <value>0x6c</value>
         <object_component_ref idref="oc-27"/>
      </symbol>
      <symbol id="sm-ed">
         <name>_DSK6713_version</name>
         <value>0x1654</value>
         <object_component_ref idref="oc-28"/>
      </symbol>
      <symbol id="sm-ee">
         <name>_DSK6713_rget</name>
         <value>0x388</value>
         <object_component_ref idref="oc-27"/>
      </symbol>
      <symbol id="sm-ef">
         <name>_DSK6713_wait</name>
         <value>0x3b0</value>
         <object_component_ref idref="oc-27"/>
      </symbol>
      <symbol id="sm-f0">
         <name>_DSK6713_rset</name>
         <value>0x39c</value>
         <object_component_ref idref="oc-27"/>
      </symbol>
      <symbol id="sm-f1">
         <name>_DSK6713_waitusec</name>
         <value>0x408</value>
         <object_component_ref idref="oc-27"/>
      </symbol>
      <symbol id="sm-f2">
         <name>_DSK6713_getVersion</name>
         <value>0x434</value>
         <object_component_ref idref="oc-27"/>
      </symbol>
      <symbol id="sm-fa">
         <name>__strasg</name>
         <value>0xb00</value>
         <object_component_ref idref="oc-33"/>
      </symbol>
   </symbol_table>
</link_info>
