******************************************************************************
               TMS320C6x Linker PC v7.4.4                      
******************************************************************************
>> Linked Mon Dec 11 21:00:02 2017

OUTPUT FILE NAME:   <ADCinterface.out>
ENTRY POINT SYMBOL: "_c_int00"  address: 00001000


MEMORY CONFIGURATION

         name            origin    length      used     unused   attr    fill
----------------------  --------  ---------  --------  --------  ----  --------
  RAM                   00000001   fffffffe  00001656  ffffe9a8  RWIX


SECTION ALLOCATION MAP

 output                                  attributes/
section   page    origin      length       input sections
--------  ----  ----------  ----------   ----------------
.pinit     0    00000004    00000000     UNINITIALIZED

.data      0    00000008    00000000     UNINITIALIZED

.bss       0    00000008    00000004     UNINITIALIZED
                  00000008    00000004     main.obj (.bss)

.text      0    00000020    00001140     
                  00000020    00000480     dsk6713bsl.lib : dsk6713.obj (.text)
                  000004a0    00000320     main.obj (.text)
                  000007c0    00000240     rts6200.lib : memcpy62.obj (.text:_memcpy)
                  00000a00    00000100                 : autoinit.obj (.text:__auto_init)
                  00000b00    000000e0                 : strasg.obj (.text:__strasg)
                  00000be0    000000e0                 : exit.obj (.text:_exit)
                  00000cc0    000000c0     csl6713.lib : csl_gpio.obj (.text:_GPIO_open)
                  00000d80    000000c0                 : csl_gpio.obj (.text:_GPIO_reset)
                  00000e40    000000c0     rts6200.lib : cpy_tbl.obj (.text:_copy_in)
                  00000f00    00000080     csl6713.lib : csl_gpio.obj (.text:_GPIO_config)
                  00000f80    00000080     rts6200.lib : cpp_init.obj (.text:___TI_cpp_init)
                  00001000    00000080                 : boot.obj (.text:_c_int00)
                  00001080    00000040     csl6713.lib : csl_gpio.obj (.text:_GPIO_pinRead)
                  000010c0    00000040                 : csl_gpio.obj (.text:_GPIO_pinWrite)
                  00001100    00000040     rts6200.lib : args_main.obj (.text:__args_main)
                  00001140    00000020                 : exit.obj (.text:_abort)

.stack     0    00001160    00000400     UNINITIALIZED
                  00001160    00000008     rts6200.lib : boot.obj (.stack)
                  00001168    000003f8     --HOLE--

.cinit     0    00001560    000000a4     
                  00001560    00000044     csl6713.lib : csl_gpio.obj (.cinit)
                  000015a4    00000004     --HOLE-- [fill = 0]
                  000015a8    0000002c     rts6200.lib : exit.obj (.cinit)
                  000015d4    00000004     --HOLE-- [fill = 0]
                  000015d8    00000024     main.obj (.cinit)
                  000015fc    00000004     --HOLE-- [fill = 0]
                  00001600    00000004     (.pad.cinit) [fill = 0]

.far       0    00001608    0000004e     UNINITIALIZED
                  00001608    00000024     csl6713.lib : csl_gpio.obj (.far)
                  0000162c    0000001c     main.obj (.far)
                  00001648    0000000c     rts6200.lib : exit.obj (.far)
                  00001654    00000002     dsk6713bsl.lib : dsk6713.obj (.far)

.const     0    00001658    00000020     
                  00001658    00000020     dsk6713bsl.lib : dsk6713.obj (.const)


GLOBAL SYMBOLS: SORTED ALPHABETICALLY BY Name 

address    name
--------   ----
00000008   $bss
00000008   .bss
00000008   .data
00000020   .text
00001140   C$$EXIT
00000434   _DSK6713_getVersion
0000006c   _DSK6713_init
00000388   _DSK6713_rget
0000039c   _DSK6713_rset
00001654   _DSK6713_version
000003b0   _DSK6713_wait
00000408   _DSK6713_waitusec
00000f00   _GPIO_config
00000cc0   _GPIO_open
00001080   _GPIO_pinRead
000010c0   _GPIO_pinWrite
00000d80   _GPIO_reset
00001614   __GPIO_intTable
00001560   __STACK_END
00000400   __STACK_SIZE
00000001   __TI_args_main
00000f80   ___TI_cpp_init
00001650   ___TI_enable_exit_profile_output
ffffffff   ___TI_pprof_out_hndl
ffffffff   ___TI_prof_data_size
ffffffff   ___TI_prof_data_start
ffffffff   ___binit__
00000008   ___bss__
ffffffff   ___c_args__
00001560   ___cinit__
00000008   ___data__
00000008   ___edata__
0000000c   ___end__
00001160   ___etext__
ffffffff   ___pinit__
00000020   ___text__
00001100   __args_main
00000a00   __auto_init
00001648   __cleanup_ptr
0000164c   __dtors_ptr
00001628   __hGpioDev0
00001160   __stack
00000b00   __strasg
00001140   _abort
00001000   _c_int00
00000e40   _copy_in
00000be0   _exit
0000162c   _gpio_config
00000008   _gpio_handle
000004a0   _main
000007c0   _memcpy
ffffffff   binit
00001560   cinit
00000008   edata
0000000c   end
00001160   etext
ffffffff   pinit


GLOBAL SYMBOLS: SORTED BY Symbol Address 

address    name
--------   ----
00000001   __TI_args_main
00000008   $bss
00000008   .bss
00000008   .data
00000008   ___bss__
00000008   ___data__
00000008   ___edata__
00000008   _gpio_handle
00000008   edata
0000000c   ___end__
0000000c   end
00000020   .text
00000020   ___text__
0000006c   _DSK6713_init
00000388   _DSK6713_rget
0000039c   _DSK6713_rset
000003b0   _DSK6713_wait
00000400   __STACK_SIZE
00000408   _DSK6713_waitusec
00000434   _DSK6713_getVersion
000004a0   _main
000007c0   _memcpy
00000a00   __auto_init
00000b00   __strasg
00000be0   _exit
00000cc0   _GPIO_open
00000d80   _GPIO_reset
00000e40   _copy_in
00000f00   _GPIO_config
00000f80   ___TI_cpp_init
00001000   _c_int00
00001080   _GPIO_pinRead
000010c0   _GPIO_pinWrite
00001100   __args_main
00001140   C$$EXIT
00001140   _abort
00001160   ___etext__
00001160   __stack
00001160   etext
00001560   __STACK_END
00001560   ___cinit__
00001560   cinit
00001614   __GPIO_intTable
00001628   __hGpioDev0
0000162c   _gpio_config
00001648   __cleanup_ptr
0000164c   __dtors_ptr
00001650   ___TI_enable_exit_profile_output
00001654   _DSK6713_version
ffffffff   ___TI_pprof_out_hndl
ffffffff   ___TI_prof_data_size
ffffffff   ___TI_prof_data_start
ffffffff   ___binit__
ffffffff   ___c_args__
ffffffff   ___pinit__
ffffffff   binit
ffffffff   pinit

[57 symbols]
