******************************************************************************
               TMS320C6x Linker PC v7.4.4                      
******************************************************************************
>> Linked Mon Dec 11 21:00:03 2017

OUTPUT FILE NAME:   <obstacledetection.out>
ENTRY POINT SYMBOL: "_c_int00"  address: 00001980


MEMORY CONFIGURATION

         name            origin    length      used     unused   attr    fill
----------------------  --------  ---------  --------  --------  ----  --------
  IRAM                  00000000   00030000  000023f6  0002dc0a  RWIX
  L2RAM                 00030000   00010000  00000000  00010000  RWIX
  EMIFCE0               80000000   10000000  00000000  10000000  RWIX
  EMIFCE1               90000000   10000000  00000000  10000000  RWIX
  EMIFCE2               a0000000   10000000  00000000  10000000  RWIX
  EMIFCE3               b0000000   10000000  00000000  10000000  RWIX


SECTION ALLOCATION MAP

 output                                  attributes/
section   page    origin      length       input sections
--------  ----  ----------  ----------   ----------------
.text      0    00000000    00001ae0     
                  00000000    00000cc0     main.obj (.text)
                  00000cc0    00000480     dsk6713bsl.lib : dsk6713.obj (.text)
                  00001140    00000240     rts6700.lib : memcpy62.obj (.text:_memcpy)
                  00001380    00000100                 : autoinit.obj (.text:__auto_init)
                  00001480    000000e0                 : strasg.obj (.text:__strasg)
                  00001560    000000e0                 : exit.obj (.text:_exit)
                  00001640    000000c0     csl6713.lib : csl_gpio.obj (.text:_GPIO_open)
                  00001700    000000c0                 : csl_gpio.obj (.text:_GPIO_reset)
                  000017c0    000000c0     rts6700.lib : cpy_tbl.obj (.text:_copy_in)
                  00001880    00000080     csl6713.lib : csl_gpio.obj (.text:_GPIO_config)
                  00001900    00000080     rts6700.lib : cpp_init.obj (.text:___TI_cpp_init)
                  00001980    00000080                 : boot.obj (.text:_c_int00)
                  00001a00    00000040     csl6713.lib : csl_gpio.obj (.text:_GPIO_pinRead)
                  00001a40    00000040                 : csl_gpio.obj (.text:_GPIO_pinWrite)
                  00001a80    00000040     rts6700.lib : args_main.obj (.text:__args_main)
                  00001ac0    00000020                 : exit.obj (.text:_abort)

.data      0    00000000    00000000     UNINITIALIZED

.pinit     0    00000000    00000000     UNINITIALIZED

.stack     0    00001ae0    00000800     UNINITIALIZED
                  00001ae0    00000008     rts6700.lib : boot.obj (.stack)
                  00001ae8    000007f8     --HOLE--

.cinit     0    000022e0    000000a4     
                  000022e0    00000044     csl6713.lib : csl_gpio.obj (.cinit)
                  00002324    00000004     --HOLE-- [fill = 0]
                  00002328    0000002c     rts6700.lib : exit.obj (.cinit)
                  00002354    00000004     --HOLE-- [fill = 0]
                  00002358    00000024     main.obj (.cinit)
                  0000237c    00000004     --HOLE-- [fill = 0]
                  00002380    00000004     (.pad.cinit) [fill = 0]

.far       0    00002384    0000004e     UNINITIALIZED
                  00002384    00000024     csl6713.lib : csl_gpio.obj (.far)
                  000023a8    0000001c     main.obj (.far)
                  000023c4    0000000c     rts6700.lib : exit.obj (.far)
                  000023d0    00000002     dsk6713bsl.lib : dsk6713.obj (.far)

.const     0    000023d4    00000020     
                  000023d4    00000020     dsk6713bsl.lib : dsk6713.obj (.const)

.bss       0    000023f4    00000004     UNINITIALIZED
                  000023f4    00000004     main.obj (.bss)


GLOBAL SYMBOLS: SORTED ALPHABETICALLY BY Name 

address    name
--------   ----
000023f4   $bss
000023f4   .bss
00000000   .data
00000000   .text
00001ac0   C$$EXIT
000010d4   _DSK6713_getVersion
00000d0c   _DSK6713_init
00001028   _DSK6713_rget
0000103c   _DSK6713_rset
000023d0   _DSK6713_version
00001050   _DSK6713_wait
000010a8   _DSK6713_waitusec
00001880   _GPIO_config
00001640   _GPIO_open
00001a00   _GPIO_pinRead
00001a40   _GPIO_pinWrite
00001700   _GPIO_reset
00002390   __GPIO_intTable
000022e0   __STACK_END
00000800   __STACK_SIZE
00000001   __TI_args_main
00001900   ___TI_cpp_init
000023cc   ___TI_enable_exit_profile_output
ffffffff   ___TI_pprof_out_hndl
ffffffff   ___TI_prof_data_size
ffffffff   ___TI_prof_data_start
ffffffff   ___binit__
000023f4   ___bss__
ffffffff   ___c_args__
000022e0   ___cinit__
00000000   ___data__
00000000   ___edata__
000023f8   ___end__
00001ae0   ___etext__
ffffffff   ___pinit__
00000000   ___text__
00001a80   __args_main
00001380   __auto_init
000023c4   __cleanup_ptr
000023c8   __dtors_ptr
000023a4   __hGpioDev0
00001ae0   __stack
00001480   __strasg
00001ac0   _abort
00001980   _c_int00
000017c0   _copy_in
00001560   _exit
000023a8   _gpio_config
000023f4   _gpio_handle
00000000   _main
00001140   _memcpy
ffffffff   binit
000022e0   cinit
00000000   edata
000023f8   end
00001ae0   etext
ffffffff   pinit


GLOBAL SYMBOLS: SORTED BY Symbol Address 

address    name
--------   ----
00000000   .data
00000000   .text
00000000   ___data__
00000000   ___edata__
00000000   ___text__
00000000   _main
00000000   edata
00000001   __TI_args_main
00000800   __STACK_SIZE
00000d0c   _DSK6713_init
00001028   _DSK6713_rget
0000103c   _DSK6713_rset
00001050   _DSK6713_wait
000010a8   _DSK6713_waitusec
000010d4   _DSK6713_getVersion
00001140   _memcpy
00001380   __auto_init
00001480   __strasg
00001560   _exit
00001640   _GPIO_open
00001700   _GPIO_reset
000017c0   _copy_in
00001880   _GPIO_config
00001900   ___TI_cpp_init
00001980   _c_int00
00001a00   _GPIO_pinRead
00001a40   _GPIO_pinWrite
00001a80   __args_main
00001ac0   C$$EXIT
00001ac0   _abort
00001ae0   ___etext__
00001ae0   __stack
00001ae0   etext
000022e0   __STACK_END
000022e0   ___cinit__
000022e0   cinit
00002390   __GPIO_intTable
000023a4   __hGpioDev0
000023a8   _gpio_config
000023c4   __cleanup_ptr
000023c8   __dtors_ptr
000023cc   ___TI_enable_exit_profile_output
000023d0   _DSK6713_version
000023f4   $bss
000023f4   .bss
000023f4   ___bss__
000023f4   _gpio_handle
000023f8   ___end__
000023f8   end
ffffffff   ___TI_pprof_out_hndl
ffffffff   ___TI_prof_data_size
ffffffff   ___TI_prof_data_start
ffffffff   ___binit__
ffffffff   ___c_args__
ffffffff   ___pinit__
ffffffff   binit
ffffffff   pinit

[57 symbols]
