******************************************************************************
               TMS320C6x Linker PC v7.4.4                      
******************************************************************************
>> Linked Mon Dec 11 21:01:27 2017

OUTPUT FILE NAME:   <peoplecounter.out>
ENTRY POINT SYMBOL: "_c_int00"  address: 00001be0


MEMORY CONFIGURATION

         name            origin    length      used     unused   attr    fill
----------------------  --------  ---------  --------  --------  ----  --------
  RAM                   00000001   fffffffe  000022c6  ffffdd38  RWIX


SECTION ALLOCATION MAP

 output                                  attributes/
section   page    origin      length       input sections
--------  ----  ----------  ----------   ----------------
.pinit     0    00000004    00000000     UNINITIALIZED

.data      0    00000008    00000000     UNINITIALIZED

.bss       0    00000008    00000004     UNINITIALIZED
                  00000008    00000004     main.obj (.bss)

.text      0    00000020    00001d60     
                  00000020    00000ce0     main.obj (.text)
                  00000d00    00000480     dsk6713bsl.lib : dsk6713.obj (.text)
                  00001180    00000240     rts6200.lib : memcpy62.obj (.text:_memcpy)
                  000013c0    00000120                 : divi.obj (.text:__divi)
                  000014e0    00000100                 : autoinit.obj (.text:__auto_init)
                  000015e0    00000100                 : remi.obj (.text:__remi)
                  000016e0    000000e0                 : strasg.obj (.text:__strasg)
                  000017c0    000000e0                 : exit.obj (.text:_exit)
                  000018a0    000000c0     csl6713.lib : csl_gpio.obj (.text:_GPIO_open)
                  00001960    000000c0                 : csl_gpio.obj (.text:_GPIO_reset)
                  00001a20    000000c0     rts6200.lib : cpy_tbl.obj (.text:_copy_in)
                  00001ae0    00000080     csl6713.lib : csl_gpio.obj (.text:_GPIO_config)
                  00001b60    00000080     rts6200.lib : cpp_init.obj (.text:___TI_cpp_init)
                  00001be0    00000080                 : boot.obj (.text:_c_int00)
                  00001c60    00000040     csl6713.lib : csl_gpio.obj (.text:_GPIO_deltaHighClear)
                  00001ca0    00000040                 : csl_gpio.obj (.text:_GPIO_deltaHighGet)
                  00001ce0    00000040                 : csl_gpio.obj (.text:_GPIO_pinWrite)
                  00001d20    00000040     rts6200.lib : args_main.obj (.text:__args_main)
                  00001d60    00000020                 : exit.obj (.text:_abort)

.stack     0    00001d80    00000400     UNINITIALIZED
                  00001d80    00000008     rts6200.lib : boot.obj (.stack)
                  00001d88    000003f8     --HOLE--

.cinit     0    00002180    000000a4     
                  00002180    00000044     csl6713.lib : csl_gpio.obj (.cinit)
                  000021c4    00000004     --HOLE-- [fill = 0]
                  000021c8    0000002c     rts6200.lib : exit.obj (.cinit)
                  000021f4    00000004     --HOLE-- [fill = 0]
                  000021f8    00000024     main.obj (.cinit)
                  0000221c    00000004     --HOLE-- [fill = 0]
                  00002220    00000004     (.pad.cinit) [fill = 0]

.switch    0    00002224    00000050     
                  00002224    00000050     main.obj (.switch:_displaynumber)

.far       0    00002278    0000004e     UNINITIALIZED
                  00002278    00000024     csl6713.lib : csl_gpio.obj (.far)
                  0000229c    0000001c     main.obj (.far)
                  000022b8    0000000c     rts6200.lib : exit.obj (.far)
                  000022c4    00000002     dsk6713bsl.lib : dsk6713.obj (.far)

.const     0    000022c8    00000020     
                  000022c8    00000020     dsk6713bsl.lib : dsk6713.obj (.const)


GLOBAL SYMBOLS: SORTED ALPHABETICALLY BY Name 

address    name
--------   ----
00000008   $bss
00000008   .bss
00000008   .data
00000020   .text
00001d60   C$$EXIT
00001114   _DSK6713_getVersion
00000d4c   _DSK6713_init
00001068   _DSK6713_rget
0000107c   _DSK6713_rset
000022c4   _DSK6713_version
00001090   _DSK6713_wait
000010e8   _DSK6713_waitusec
00001ae0   _GPIO_config
00001c60   _GPIO_deltaHighClear
00001ca0   _GPIO_deltaHighGet
000018a0   _GPIO_open
00001ce0   _GPIO_pinWrite
00001960   _GPIO_reset
00002284   __GPIO_intTable
00002180   __STACK_END
00000400   __STACK_SIZE
00000001   __TI_args_main
00001b60   ___TI_cpp_init
000022c0   ___TI_enable_exit_profile_output
ffffffff   ___TI_pprof_out_hndl
ffffffff   ___TI_prof_data_size
ffffffff   ___TI_prof_data_start
ffffffff   ___binit__
00000008   ___bss__
ffffffff   ___c_args__
00002180   ___cinit__
00000008   ___data__
00000008   ___edata__
0000000c   ___end__
00001d80   ___etext__
ffffffff   ___pinit__
00000020   ___text__
00001d20   __args_main
000014e0   __auto_init
000013c0   __c6xabi_divi
000015e0   __c6xabi_remi
000022b8   __cleanup_ptr
000013c0   __divi
000022bc   __dtors_ptr
00002298   __hGpioDev0
000015e0   __remi
00001d80   __stack
000016e0   __strasg
00001d60   _abort
00001be0   _c_int00
00001a20   _copy_in
000001b4   _displaynumber
000017c0   _exit
0000229c   _gpio_config
00000008   _gpio_handle
00000020   _main
00001180   _memcpy
ffffffff   binit
00002180   cinit
00000008   edata
0000000c   end
00001d80   etext
ffffffff   pinit


GLOBAL SYMBOLS: SORTED BY Symbol Address 

address    name
--------   ----
00000001   __TI_args_main
00000008   $bss
00000008   .bss
00000008   .data
00000008   ___bss__
00000008   ___data__
00000008   ___edata__
00000008   _gpio_handle
00000008   edata
0000000c   ___end__
0000000c   end
00000020   .text
00000020   ___text__
00000020   _main
000001b4   _displaynumber
00000400   __STACK_SIZE
00000d4c   _DSK6713_init
00001068   _DSK6713_rget
0000107c   _DSK6713_rset
00001090   _DSK6713_wait
000010e8   _DSK6713_waitusec
00001114   _DSK6713_getVersion
00001180   _memcpy
000013c0   __c6xabi_divi
000013c0   __divi
000014e0   __auto_init
000015e0   __c6xabi_remi
000015e0   __remi
000016e0   __strasg
000017c0   _exit
000018a0   _GPIO_open
00001960   _GPIO_reset
00001a20   _copy_in
00001ae0   _GPIO_config
00001b60   ___TI_cpp_init
00001be0   _c_int00
00001c60   _GPIO_deltaHighClear
00001ca0   _GPIO_deltaHighGet
00001ce0   _GPIO_pinWrite
00001d20   __args_main
00001d60   C$$EXIT
00001d60   _abort
00001d80   ___etext__
00001d80   __stack
00001d80   etext
00002180   __STACK_END
00002180   ___cinit__
00002180   cinit
00002284   __GPIO_intTable
00002298   __hGpioDev0
0000229c   _gpio_config
000022b8   __cleanup_ptr
000022bc   __dtors_ptr
000022c0   ___TI_enable_exit_profile_output
000022c4   _DSK6713_version
ffffffff   ___TI_pprof_out_hndl
ffffffff   ___TI_prof_data_size
ffffffff   ___TI_prof_data_start
ffffffff   ___binit__
ffffffff   ___c_args__
ffffffff   ___pinit__
ffffffff   binit
ffffffff   pinit

[63 symbols]
